Starting Comprehensive Bangumi API Test...

--- Testing Person (Voice Actor) Search [花泽香菜] ---
Found 508 results. Top 10:
- ID: 4765 | Name: 花澤香菜 | CN: 
- ID: 48365 | Name: 花澤友梨 | CN: 
- ID: 61543 | Name: 花澤菜摘 | CN: 
- ID: 71517 | Name: 花澤里都夢 | CN: 
- ID: 77383 | Name: 花澤明 | CN: 
- ID: 7966 | Name: 花沢健吾 | CN: 
- ID: 17075 | Name: 花澤さくら | CN: 
- ID: 8691 | Name: 花見沢Q太郎 | CN: 
- ID: 57017 | Name: 熊澤風花 | CN: 
- ID: 4499 | Name: 佐久間紅美 | CN: 

--- Testing Person (Director) Search [新海诚] ---
Found 495 results. Top 10:
- ID: 2064 | Name: 新海誠 | CN: 
- ID: 28912 | Name: 新海岳人 | CN: 
- ID: 36952 | Name: 新海雅代 | CN: 
- ID: 38259 | Name: 新海コウキ | CN: 
- ID: 48384 | Name: 新海良佑 | CN: 
- ID: 59538 | Name: 新海翔斗 | CN: 
- ID: 72972 | Name: 新海あざ丸 | CN: 
- ID: 4 | Name: 新井浩一 | CN: 
- ID: 688 | Name: 新田靖成 | CN: 
- ID: 692 | Name: 新房昭之 | CN: 

--- Testing Character Search [鲁路修] ---
Found 1000 results. Top 10:
- ID: 1 | Name: ルルーシュ・ランペルージ | CN: 
- ID: 112053 | Name: ドルルモン | CN: 
- ID: 183878 | Name: マルル・ヴァル・ヴル・イェルヴリ | CN: 
- ID: 112072 | Name: シャウトモン＋ドルルキャノン | CN: 
- ID: 112968 | Name: クロスアップ ドルルモン | CN: 
- ID: 113522 | Name: イェーガードルルモン | CN: 
- ID: 157282 | Name: ルルス | CN: 
- ID: 122327 | Name: トールギル | CN: 
- ID: 4395 | Name: ゾマリ・ルルー | CN: 
- ID: 56610 | Name: メルヴィル | CN: 

--- Testing Subject: Anime Search [进击的巨人] ---
Found 108 results. Top 10:
- ID: 55770 | Name: 進撃の巨人 | CN: 进击的巨人 | Date: 2013-04-06
- ID: 80993 | Name: 進撃の巨人 OAD | CN: 进击的巨人 OAD | Date: 2013-12-09
- ID: 110049 | Name: 進撃の巨人 悔いなき選択 OAD | CN: 进击的巨人 无悔的选择 OAD | Date: 2014-12-09
- ID: 118335 | Name: 進撃の巨人 Season 2 | CN: 进击的巨人 第二季 | Date: 2017-04-01
- ID: 158003 | Name: 進撃の巨人 -関西弁版- | CN: 进击的巨人 关西腔版 | Date: 2015-12-16
- ID: 217300 | Name: 進撃の巨人 Season 3 | CN: 进击的巨人 第三季 | Date: 2018-07-22
- ID: 221781 | Name: 進撃の巨人 LOST GIRLS | CN: 进击的巨人 LOST GIRLS | Date: 2017-12-08
- ID: 263750 | Name: 進撃の巨人 Season 3 Part.2 | CN: 进击的巨人 第三季 Part.2 | Date: 2019-04-28
- ID: 285666 | Name: 進撃の巨人 The Final Season | CN: 进击的巨人 最终季 | Date: 2020-12-06
- ID: 310656 | Name: 「進撃の巨人」〜クロニクル〜 | CN: 进击的巨人 编年史 | Date: 2020-07-17

--- Testing Subject: Game Search [原神] ---
Found 37 results. Top 10:
- ID: 284157 | Name: 原神 | CN: 原神 | Date: 2020-09-28
- ID: 404448 | Name: 像素原神 | CN:  | Date: 2021-03-05
- ID: 302786 | Name: 原石计划 | CN: 原石计划 | Date: 2019-09-23
- ID: 374335 | Name: 原灵·深海遗梦 | CN: 原灵·深海遗梦 | Date: 2022-03-27
- ID: 20198 | Name: 原宿探偵学園 スチールウッド | CN: 原宿侦探学园：铁木 | Date: 2010-04-22
- ID: 73705 | Name: Blast Off | CN: 原爆战机 | Date: 1989-01-01
- ID: 340278 | Name: Grimvalor | CN: 原界之罪 | Date: 2018-10-15
- ID: 253439 | Name: PC原人2 | CN:  | Date: 1991-01-01
- ID: 253440 | Name: PC原人 | CN:  | Date: 1989-12-15
- ID: 257188 | Name: 超原人2 | CN: 超原人2 | Date: 1995-07-28

--- Testing Subject: Manga Search [海贼王] ---
Found 1000 results. Top 10:
- ID: 55585 | Name: ONE PIECE 巻零 | CN: 海贼王 第0卷 | Date: 2009-11-30
- ID: 55586 | Name: ONE PIECE 巻千 | CN: 海贼王 第千卷 | Date: 2012-12-15
- ID: 149890 | Name: ONE PIECE | CN: 海贼王 小说 | Date: 1999-06-03
- ID: 211220 | Name: 海賊王の求婚 | CN: 海贼王的求婚 | Date: 2011-03-01
- ID: 38411 | Name: CROSS EPOCH | CN:  | Date: 2006-12-25
- ID: 3510 | Name: ONE PIECE | CN: 航海王 | Date: 1997-12-24
- ID: 273147 | Name: 恋するワンピース | CN: 航海王谈恋爱 | Date: 2018-12-04
- ID: 34866 | Name: 海賊★ゲーム | CN: 海贼★游戏 | Date: 2008-09-01
- ID: 181517 | Name: 海賊王子の虜囚 | CN:  | Date: 2007-09-26
- ID: 181519 | Name: 海賊王国の永遠 | CN:  | Date: 2007-11-01

--- Testing Subject: Light Novel Search [刀剑神域] ---
Found 414 results. Top 10:
- ID: 5397 | Name: ソードアート・オンライン | CN: 刀剑神域 | Date: 2009-04-10
- ID: 41675 | Name: ソードアート・オンライン アインクラッド | CN: 刀剑神域 艾恩葛朗特 | Date: 2012-09-27
- ID: 65109 | Name: ソードアート・オンライン フェアリィ・ダンス | CN: 刀剑神域 妖精之舞 | Date: 2012-10-27
- ID: 84887 | Name: ソードアート・オンライン ガールズ・オプス | CN: 刀剑神域 女孩任务 | Date: 2014-07-10
- ID: 84888 | Name: ソードアート・オンライン プログレッシブ | CN: 刀剑神域 Progressive | Date: 2014-02-08
- ID: 94237 | Name: ソードアートオンラインweb版 | CN: 刀剑神域 web版
- ID: 115469 | Name: ソードアート・オンライン マテリアル・エディション | CN: 刀剑神域 ME
- ID: 115521 | Name: ソードアート・オンライン プログレッシブ | CN: 刀剑神域: Progressive | Date: 2012-10-10
- ID: 115557 | Name: ソードアート・オンライン ファントム・バレット | CN: 刀剑神域 幽灵子弹 | Date: 2014-09-09
- ID: 115576 | Name: ソードアート・オンライン コミックアンソロジー | CN: 刀剑神域漫画选集 | Date: 2013-05-27

--- Testing Subject: Music Search [YOASOBI] ---
Found 3 results. Top 3:
- ID: 351351 | Name: THE BOOK 2 | CN:  | Date: 2021-12-01
- ID: 356882 | Name: E-SIDE | CN:  | Date: 2021-11-12
- ID: 472357 | Name: HEART BEAT | CN:  | Date: 2023-12-26

--- Testing Subject: Real/Tokusatsu Search [假面骑士] ---
Found 335 results. Top 10:
- ID: 6016 | Name: 仮面ライダークウガ | CN: 假面骑士空我 | Date: 2000-01-30
- ID: 8018 | Name: 仮面ライダー剣 | CN: 假面骑士剑 | Date: 2004-01-25
- ID: 8055 | Name: 仮面ライダーW | CN: 假面骑士W | Date: 2009-09-06
- ID: 8483 | Name: 仮面ライダー響鬼 | CN: 假面骑士响鬼 | Date: 2005-01-30
- ID: 9376 | Name: 仮面ライダーオーズ | CN: 假面骑士OOO | Date: 2010-09-05
- ID: 10738 | Name: 仮面ライダー555 | CN: 假面骑士555 | Date: 2003-01-26
- ID: 11140 | Name: 仮面ライダーディケイド | CN: 假面骑士DECADE | Date: 2009-01-25
- ID: 11184 | Name: 仮面ライダーアギト | CN: 假面骑士AGITO | Date: 2001-01-28
- ID: 11185 | Name: 仮面ライダー龍騎 | CN: 假面骑士龙骑 | Date: 2002-02-03
- ID: 11186 | Name: 仮面ライダーキバ | CN: 假面骑士KIVA | Date: 2008-01-27
